src/app/admin/draft/[matchId]/page.tsx(2,23): error TS2307: Cannot find module './_components/MatchRoom' or its corresponding type declarations.
src/app/admin/draft/_components/CreateMatchModal.tsx(59,23): error TS2322: Type '(prevState: any, formData: FormData) => Promise<{ message: string; success: boolean; matchId?: undefined; } | { message: string; success: boolean; matchId: any; }>' is not assignable to type 'string | ((formData: FormData) => void | Promise<void>) | undefined'.
  Type '(prevState: any, formData: FormData) => Promise<{ message: string; success: boolean; matchId?: undefined; } | { message: string; success: boolean; matchId: any; }>' is not assignable to type '(formData: FormData) => void | Promise<void>'.
    Target signature provides too few arguments. Expected 2 or more, but got 1.
src/app/admin/draft/_components/CreateMatchModal.tsx(62,33): error TS2322: Type '{ children: Element[]; name: string; defaultValue: string; }' is not assignable to type 'IntrinsicAttributes & { value?: string | undefined; onValueChange?: ((val: string) => void) | undefined; defaultValue?: string | undefined; children: ReactNode; }'.
  Property 'name' does not exist on type 'IntrinsicAttributes & { value?: string | undefined; onValueChange?: ((val: string) => void) | undefined; defaultValue?: string | undefined; children: ReactNode; }'.
src/app/admin/draft/_components/CreateMatchModal.tsx(101,33): error TS2322: Type '{ children: Element[]; name: string; defaultValue: string; }' is not assignable to type 'IntrinsicAttributes & { value?: string | undefined; onValueChange?: ((val: string) => void) | undefined; defaultValue?: string | undefined; children: ReactNode; }'.
  Property 'name' does not exist on type 'IntrinsicAttributes & { value?: string | undefined; onValueChange?: ((val: string) => void) | undefined; defaultValue?: string | undefined; children: ReactNode; }'.
src/app/admin/draft/_components/DraftInterface.tsx(185,22): error TS2739: Type '{ children: Element[]; defaultValue: string; className: string; }' is missing the following properties from type '{ value: string; onValueChange: (val: string) => void; }': value, onValueChange
src/app/admin/draft/_components/useDraftEngine.ts(2,57): error TS2307: Cannot find module './constants' or its corresponding type declarations.
src/app/admin/draft/page.tsx(4,28): error TS2307: Cannot find module '@/utils/format' or its corresponding type declarations.
src/app/admin/simulator/_components/DraftInterface.tsx(185,22): error TS2739: Type '{ children: Element[]; defaultValue: string; className: string; }' is missing the following properties from type '{ value: string; onValueChange: (val: string) => void; }': value, onValueChange
src/components/ComboManager.tsx(356,31): error TS2353: Object literal may only specify known properties, and 'content' does not exist in type 'ModalStylesType'.
